// Jest Snapshot v1, https://goo.gl/fbAQLP

exports[`Product page 1`] = `
<div>
  <div
    class="header"
  >
    <img
      alt="one ummah logo"
      class="companyLogo"
      src="https://res.cloudinary.com/du3oueesv/image/upload/v1660122044/shopping%20cart/oubd-logo-with-tm-black-1-1400x642_se0t70.png"
    />
    <div
      class="shopping-cart-icon"
    >
      <span
        class="price"
      >
        ৳ 
        0
      </span>
      <span
        class="fa-layers fa-fw"
      >
        <svg
          viewBox="0 0 576 512"
          xmlns="http://www.w3.org/2000/svg"
        >
          <path
            d="M96 0C107.5 0 117.4 8.19 119.6 19.51L121.1 32H541.8C562.1 32 578.3 52.25 572.6 72.66L518.6 264.7C514.7 278.5 502.1 288 487.8 288H170.7L179.9 336H488C501.3 336 512 346.7 512 360C512 373.3 501.3 384 488 384H159.1C148.5 384 138.6 375.8 136.4 364.5L76.14 48H24C10.75 48 0 37.25 0 24C0 10.75 10.75 0 24 0H96zM128 464C128 437.5 149.5 416 176 416C202.5 416 224 437.5 224 464C224 490.5 202.5 512 176 512C149.5 512 128 490.5 128 464zM512 464C512 490.5 490.5 512 464 512C437.5 512 416 490.5 416 464C416 437.5 437.5 416 464 416C490.5 416 512 437.5 512 464z"
          />
        </svg>
        <span
          class="fa-layers-counter"
          data-testid="cart-item-count"
          style="background: Tomato;"
        >
          0
        </span>
      </span>
      <div
        class="products_tooltip"
      >
        <p
          class="empty_cart"
        >
          Your cart is empty
        </p>
      </div>
    </div>
  </div>
  <div>
    <div
      class="main"
    >
      <img
        alt="Half Sleeve Cut and Sew Solid(pattern 15)"
        class="productImage"
        src="https://res.cloudinary.com/du3oueesv/image/upload/v1659873489/shopping%20cart/half%20sleeve%20cut/mthcssp10-solid-350x435_zvwuma.jpg"
      />
      <div
        class="mainInfo"
      >
        <div
          class="breadcrumbs"
        >
          <a
            href="/"
          >
            HOME/
          </a>
          <a
            href="/half-sleeve-cut-and-sew-solid"
          >
            HALF SLEEVE CUT T-SHIRTS
          </a>
        </div>
        <h1>
          Half Sleeve Cut and Sew Solid(pattern 15)
        </h1>
        <h2>
          ৳450
        </h2>
        <ul
          class="details"
        >
          <li>
            Fabric: 100% Cotton
          </li>
          <li>
            GSM: 160-165
          </li>
        </ul>
        <div
          class="fabricButtons"
        >
          <button
            class="productOptionBtn fabric-btn"
          >
            COMBED COTTON
          </button>
        </div>
        <div
          class="sizeButtons"
        >
          <button
            class="productOptionBtn size-btn"
          >
            M
          </button>
          <button
            class="productOptionBtn size-btn"
          >
            L
          </button>
          <button
            class="productOptionBtn size-btn"
          >
            XL
          </button>
          <button
            class="productOptionBtn size-btn"
          >
            XXL
          </button>
        </div>
        <div
          class="addToCart"
        >
          <div
            class="quantity"
          >
            <button>
              -
            </button>
            <input
              type="number"
              value="1"
            />
            <button>
              +
            </button>
          </div>
          <button
            class="addToCartButton"
          >
            Add to Cart
          </button>
        </div>
      </div>
    </div>
    <div
      class="additional_info"
    >
      <div
        class="additional_info_tabs"
      >
        <button
          class="additional_info_tab"
        >
          Description
        </button>
        <button
          class="additional_info_tab"
        >
          Additional Information
        </button>
      </div>
      <div
        class="additional_info_content"
      >
        <p>
          <strong>
            Size Measurement (in inch/centimeter):
          </strong>
        </p>
        <ul>
          <li>
            M(Medium): Chest 39.37″ inch/ 100 cm, Height 27.55″ inch/ 70 cm
          </li>
          <li>
            L(large) : Chest 40.94″inch/ 104 cm, Height 28.34″inch/ 72 cm
          </li>
          <li>
            XL(Extra large): Chest 42.51″ inch/ 108 cm, Height 29.13″ inch/ 74 cm
          </li>
          <li>
            XXL(Extra large) : Chest 44.09″ inch/ 112 cm, Height 29.92″ inch/ 76 cm
          </li>
        </ul>
        <p>
          ডিভাইসের ভিন্নতা অনুযায়ী কালার ডেভিয়েশন এবং ফটোশপ এডিটিং কালার ডেভিয়েশনের কারনে বাস্তব ছবি ও সফটকপির মাঝে অনেক সময় পার্থক্য থেকে যায়
        </p>
      </div>
    </div>
  </div>
</div>
`;
